npm warn Unknown project config "public-hoist-pattern". This will stop working in the next major version of npm.

> backend@0.0.1 dev
> node scripts/start-dev.js

   🔐  JWT_SECRET: 50 characters (minimum 32)
   🔐  COOKIE_SECRET: 49 characters
   PostgreSQL connection verified
   [MARKETPLACE_SCHEMA_DATABASE] medusa-backend (Schema: public, User: postgres)
   🔧 Automatically running marketplace schema repair...
[MARKETPLACE_REPAIR_START] Starting standalone schema repair...
[MARKETPLACE_REPAIR_DATABASE] medusa-backend (Schema: public, User: postgres)
[MARKETPLACE_REPAIR_TABLE_OK] vendor_order
[MARKETPLACE_REPAIR_TABLE_OK] vendor_order_item
[MARKETPLACE_REPAIR_TABLE_OK] vendor_order_activity
[MARKETPLACE_REPAIR_TABLE_OK] vendor_earning
[MARKETPLACE_REPAIR_TABLES_OK] All 4 tables created/verified
[MARKETPLACE_SCHEMA_TABLE_OK] vendor_order
[MARKETPLACE_SCHEMA_TABLE_OK] vendor_order_item
[MARKETPLACE_SCHEMA_TABLE_OK] vendor_order_activity
[MARKETPLACE_SCHEMA_TABLE_OK] vendor_earning
[MARKETPLACE_SCHEMA_OK] Schema repair successful ✓
[MARKETPLACE_REPAIR_DONE]
   ✅ [MARKETPLACE_SCHEMA_OK] Verified to_regclass('public.vendor_order') exists

🚀  Starting Medusa on http://localhost:9000
📡  MEDUSA_BACKEND_URL=http://localhost:9000
📝  Port saved to .backend-port

[medusa-config] Stripe is disabled: STRIPE_API_KEY is not configured. COD remains available.
[32minfo[39m:    redisUrl not found. A fake redis instance will be used.
[32minfo[39m:    [Watcher] Using standard dev server (restart on file change)
[32minfo[39m:    [Watcher] Watching filesystem to reload dev server on file change
[medusa-config] Stripe is disabled: STRIPE_API_KEY is not configured. COD remains available.
[32minfo[39m:    redisUrl not found. A fake redis instance will be used.
- Creating server
[32minfo[39m:    redisUrl not found. A fake redis instance will be used.
[32minfo[39m:    Skipping instrumentation registration. No register function found.
[32minfo[39m:    redisUrl not found. A fake redis instance will be used.
[32minfo[39m:    No link to load from D:\eatsie-project\backend\node_modules\@medusajs\draft-order\.medusa\server\src\links. skipped.
[33mwarn[39m:    Local Event Bus installed. This is not recommended for production.
[32minfo[39m:    Locking module: Using "in-memory" as default.
[32minfo[39m:    No workflow to load from D:\eatsie-project\backend\node_modules\@medusajs\draft-order\.medusa\server\src\workflows. skipped.
[32minfo[39m:    No subscriber to load from D:\eatsie-project\backend\node_modules\@medusajs\draft-order\.medusa\server\src\subscribers. skipped.
[32minfo[39m:    No job to load from D:\eatsie-project\backend\node_modules\@medusajs\draft-order\.medusa\server\src\jobs. skipped.
[32minfo[39m:    No job to load from D:\eatsie-project\backend\node_modules\@medusajs\medusa\dist\jobs. skipped.
Error: listen EADDRINUSE: address already in use :::9000
    at Server.setupListenHandle [as _listen2] (node:net:1940:16)
    at listenInCluster (node:net:1997:12)
    at Server.listen (node:net:2102:7)
    at internalStart (D:\eatsie-project\backend\node_modules\@medusajs\medusa\src\commands\start.ts:320:15)
    at async start (D:\eatsie-project\backend\node_modules\@medusajs\medusa\src\commands\start.ts:419:12) {
  code: 'EADDRINUSE',
  errno: -4091,
  syscall: 'listen',
  address: '::',
  port: 9000
}
[32minfo[39m:    [Watcher] modified src\api\__tests__\phase4RegisterSelect.unit.spec.ts modified: restarting dev server
[32minfo[39m:    [Watcher] Reloaded in 210.67ms
[32minfo[39m:    [Watcher] modified src\api\__tests__\phase4RegisterSelect.unit.spec.ts modified: restarting dev server
[32minfo[39m:    [Watcher] Reloaded in 204.84ms
[32minfo[39m:    [Watcher] modified src\utils\pos\__tests__\live-register-list-fix.unit.spec.ts modified: restarting dev server
[32minfo[39m:    [Watcher] Reloaded in 254.99ms
[medusa-config] Stripe is disabled: STRIPE_API_KEY is not configured. COD remains available.
[32minfo[39m:    redisUrl not found. A fake redis instance will be used.
- Creating server
[32minfo[39m:    redisUrl not found. A fake redis instance will be used.
[32minfo[39m:    Skipping instrumentation registration. No register function found.
[32minfo[39m:    redisUrl not found. A fake redis instance will be used.
[32minfo[39m:    No link to load from D:\eatsie-project\backend\node_modules\@medusajs\draft-order\.medusa\server\src\links. skipped.
[33mwarn[39m:    Local Event Bus installed. This is not recommended for production.
[32minfo[39m:    Locking module: Using "in-memory" as default.
[32minfo[39m:    No workflow to load from D:\eatsie-project\backend\node_modules\@medusajs\draft-order\.medusa\server\src\workflows. skipped.
[32minfo[39m:    No subscriber to load from D:\eatsie-project\backend\node_modules\@medusajs\draft-order\.medusa\server\src\subscribers. skipped.
[32minfo[39m:    No job to load from D:\eatsie-project\backend\node_modules\@medusajs\draft-order\.medusa\server\src\jobs. skipped.
[32minfo[39m:    No job to load from D:\eatsie-project\backend\node_modules\@medusajs\medusa\dist\jobs. skipped.
Error: listen EADDRINUSE: address already in use :::9000
    at Server.setupListenHandle [as _listen2] (node:net:1940:16)
    at listenInCluster (node:net:1997:12)
    at Server.listen (node:net:2102:7)
    at internalStart (D:\eatsie-project\backend\node_modules\@medusajs\medusa\src\commands\start.ts:320:15)
    at async start (D:\eatsie-project\backend\node_modules\@medusajs\medusa\src\commands\start.ts:419:12) {
  code: 'EADDRINUSE',
  errno: -4091,
  syscall: 'listen',
  address: '::',
  port: 9000
}
[32minfo[39m:    [Watcher] modified src\api\pos\me\registers\route.ts modified: restarting dev server
[32minfo[39m:    [Watcher] Reloaded in 208.88ms
[medusa-config] Stripe is disabled: STRIPE_API_KEY is not configured. COD remains available.
[32minfo[39m:    redisUrl not found. A fake redis instance will be used.
- Creating server
[32minfo[39m:    redisUrl not found. A fake redis instance will be used.
[32minfo[39m:    Skipping instrumentation registration. No register function found.
[32minfo[39m:    redisUrl not found. A fake redis instance will be used.
[32minfo[39m:    No link to load from D:\eatsie-project\backend\node_modules\@medusajs\draft-order\.medusa\server\src\links. skipped.
[33mwarn[39m:    Local Event Bus installed. This is not recommended for production.
[32minfo[39m:    Locking module: Using "in-memory" as default.
[32minfo[39m:    No workflow to load from D:\eatsie-project\backend\node_modules\@medusajs\draft-order\.medusa\server\src\workflows. skipped.
[32minfo[39m:    No subscriber to load from D:\eatsie-project\backend\node_modules\@medusajs\draft-order\.medusa\server\src\subscribers. skipped.
[32minfo[39m:    No job to load from D:\eatsie-project\backend\node_modules\@medusajs\medusa\dist\jobs. skipped.
[32minfo[39m:    No job to load from D:\eatsie-project\backend\node_modules\@medusajs\draft-order\.medusa\server\src\jobs. skipped.
√ Server is ready on port: 9000 – 11967ms
[32minfo[39m:    Admin URL → http://localhost:9000/app

D:\eatsie-project\backend>